// Jest Snapshot v1, https://goo.gl/fbAQLP

exports[`Header snapshot test 1`] = `
Object {
  "asFragment": [Function],
  "baseElement": <body>
    <div>
      <div
        class="header"
      >
        <div>
          Collective Goods
        </div>
        <div
          class="right"
        >
          <div
            class="MuiAvatar-root MuiAvatar-circular avatar css-1wlk0hk-MuiAvatar-root"
          >
            <img
              class="MuiAvatar-img css-1pqm26d-MuiAvatar-img"
              src="defalt_avatar.jpg"
            />
          </div>
          <svg
            aria-hidden="true"
            class="MuiSvgIcon-root MuiSvgIcon-fontSizeMedium css-i4bv87-MuiSvgIcon-root"
            data-testid="DensityMediumIcon"
            focusable="false"
            viewBox="0 0 24 24"
          >
            <path
              d="M3 3h18v2H3zm0 16h18v2H3zm0-8h18v2H3z"
            />
          </svg>
        </div>
      </div>
    </div>
  </body>,
  "container": <div>
    <div
      class="header"
    >
      <div>
        Collective Goods
      </div>
      <div
        class="right"
      >
        <div
          class="MuiAvatar-root MuiAvatar-circular avatar css-1wlk0hk-MuiAvatar-root"
        >
          <img
            class="MuiAvatar-img css-1pqm26d-MuiAvatar-img"
            src="defalt_avatar.jpg"
          />
        </div>
        <svg
          aria-hidden="true"
          class="MuiSvgIcon-root MuiSvgIcon-fontSizeMedium css-i4bv87-MuiSvgIcon-root"
          data-testid="DensityMediumIcon"
          focusable="false"
          viewBox="0 0 24 24"
        >
          <path
            d="M3 3h18v2H3zm0 16h18v2H3zm0-8h18v2H3z"
          />
        </svg>
      </div>
    </div>
  </div>,
  "debug": [Function],
  "findAllByAltText": [Function],
  "findAllByDisplayValue": [Function],
  "findAllByLabelText": [Function],
  "findAllByPlaceholderText": [Function],
  "findAllByRole": [Function],
  "findAllByTestId": [Function],
  "findAllByText": [Function],
  "findAllByTitle": [Function],
  "findByAltText": [Function],
  "findByDisplayValue": [Function],
  "findByLabelText": [Function],
  "findByPlaceholderText": [Function],
  "findByRole": [Function],
  "findByTestId": [Function],
  "findByText": [Function],
  "findByTitle": [Function],
  "getAllByAltText": [Function],
  "getAllByDisplayValue": [Function],
  "getAllByLabelText": [Function],
  "getAllByPlaceholderText": [Function],
  "getAllByRole": [Function],
  "getAllByTestId": [Function],
  "getAllByText": [Function],
  "getAllByTitle": [Function],
  "getByAltText": [Function],
  "getByDisplayValue": [Function],
  "getByLabelText": [Function],
  "getByPlaceholderText": [Function],
  "getByRole": [Function],
  "getByTestId": [Function],
  "getByText": [Function],
  "getByTitle": [Function],
  "queryAllByAltText": [Function],
  "queryAllByDisplayValue": [Function],
  "queryAllByLabelText": [Function],
  "queryAllByPlaceholderText": [Function],
  "queryAllByRole": [Function],
  "queryAllByTestId": [Function],
  "queryAllByText": [Function],
  "queryAllByTitle": [Function],
  "queryByAltText": [Function],
  "queryByDisplayValue": [Function],
  "queryByLabelText": [Function],
  "queryByPlaceholderText": [Function],
  "queryByRole": [Function],
  "queryByTestId": [Function],
  "queryByText": [Function],
  "queryByTitle": [Function],
  "rerender": [Function],
  "unmount": [Function],
}
`;
